client/src/pages/Workspace.tsx(431,44): error TS2448: Block-scoped variable 'addNode' used before its declaration.
client/src/pages/Workspace.tsx(431,44): error TS2454: Variable 'addNode' is used before being assigned.
